07:40:46 {"data":{"review_id":"dedb91f0-1cd2-4bd1-ad6d-7ebd95f27809","status":"running","progress":35,"stage":"probing_media","error_code":null,"error_message":null},"meta":{"request_id":"4c569436-11f8-4a24-b7dc-50ab124f0afe","pagination":null},"error":null}
07:40:48 {"data":{"review_id":"dedb91f0-1cd2-4bd1-ad6d-7ebd95f27809","status":"running","progress":35,"stage":"probing_media","error_code":null,"error_message":null},"meta":{"request_id":"5cb5d0e8-da2b-4596-947c-f3445e404621","pagination":null},"error":null}
07:40:50 {"data":{"review_id":"dedb91f0-1cd2-4bd1-ad6d-7ebd95f27809","status":"running","progress":35,"stage":"probing_media","error_code":null,"error_message":null},"meta":{"request_id":"e9248252-698d-49ff-a548-e0766a9db81c","pagination":null},"error":null}
07:40:52 {"data":{"review_id":"dedb91f0-1cd2-4bd1-ad6d-7ebd95f27809","status":"running","progress":35,"stage":"probing_media","error_code":null,"error_message":null},"meta":{"request_id":"b41e65cf-440b-4a81-8215-3b655f01d44a","pagination":null},"error":null}
07:40:54 {"data":{"review_id":"dedb91f0-1cd2-4bd1-ad6d-7ebd95f27809","status":"running","progress":35,"stage":"probing_media","error_code":null,"error_message":null},"meta":{"request_id":"1a7ff471-ccef-4053-aea3-ed061997d99f","pagination":null},"error":null}
07:40:56 {"data":{"review_id":"dedb91f0-1cd2-4bd1-ad6d-7ebd95f27809","status":"running","progress":35,"stage":"probing_media","error_code":null,"error_message":null},"meta":{"request_id":"58feb174-88e6-478b-81cc-618ca0099741","pagination":null},"error":null}
07:40:58 {"data":{"review_id":"dedb91f0-1cd2-4bd1-ad6d-7ebd95f27809","status":"running","progress":35,"stage":"probing_media","error_code":null,"error_message":null},"meta":{"request_id":"5312ec93-44cb-4e73-a7a6-0f0e7fbdda4b","pagination":null},"error":null}
07:41:00 {"data":{"review_id":"dedb91f0-1cd2-4bd1-ad6d-7ebd95f27809","status":"running","progress":35,"stage":"probing_media","error_code":null,"error_message":null},"meta":{"request_id":"7b8ae0c8-1e6e-4cf3-88cf-5915f3073a4b","pagination":null},"error":null}
07:41:02 {"data":{"review_id":"dedb91f0-1cd2-4bd1-ad6d-7ebd95f27809","status":"running","progress":35,"stage":"probing_media","error_code":null,"error_message":null},"meta":{"request_id":"8ac0e767-0d26-4748-beda-a806a074fe38","pagination":null},"error":null}
07:41:04 {"data":{"review_id":"dedb91f0-1cd2-4bd1-ad6d-7ebd95f27809","status":"running","progress":35,"stage":"probing_media","error_code":null,"error_message":null},"meta":{"request_id":"48576565-8719-430a-9fc0-2b132161cfa7","pagination":null},"error":null}
07:41:07 {"data":{"review_id":"dedb91f0-1cd2-4bd1-ad6d-7ebd95f27809","status":"running","progress":35,"stage":"probing_media","error_code":null,"error_message":null},"meta":{"request_id":"9c97ca19-88cd-42de-859e-b413a10aed49","pagination":null},"error":null}
07:41:09 {"data":{"review_id":"dedb91f0-1cd2-4bd1-ad6d-7ebd95f27809","status":"running","progress":35,"stage":"probing_media","error_code":null,"error_message":null},"meta":{"request_id":"9dea6bf1-f815-447d-9a94-bfa17bc0c20d","pagination":null},"error":null}
07:41:11 {"data":{"review_id":"dedb91f0-1cd2-4bd1-ad6d-7ebd95f27809","status":"running","progress":35,"stage":"probing_media","error_code":null,"error_message":null},"meta":{"request_id":"23336093-f7b5-4bde-8e8c-1d96196672d0","pagination":null},"error":null}
07:41:13 {"data":{"review_id":"dedb91f0-1cd2-4bd1-ad6d-7ebd95f27809","status":"running","progress":35,"stage":"probing_media","error_code":null,"error_message":null},"meta":{"request_id":"4ead5141-2d31-4597-8a5a-fe41f96a19b0","pagination":null},"error":null}
07:41:15 {"data":{"review_id":"dedb91f0-1cd2-4bd1-ad6d-7ebd95f27809","status":"running","progress":35,"stage":"probing_media","error_code":null,"error_message":null},"meta":{"request_id":"b2d1f05a-8ad6-4958-b326-510df81d6a49","pagination":null},"error":null}
07:41:17 {"data":{"review_id":"dedb91f0-1cd2-4bd1-ad6d-7ebd95f27809","status":"running","progress":35,"stage":"probing_media","error_code":null,"error_message":null},"meta":{"request_id":"b49c98a1-8e67-4855-89ff-1c0c34056873","pagination":null},"error":null}
07:41:19 {"data":{"review_id":"dedb91f0-1cd2-4bd1-ad6d-7ebd95f27809","status":"running","progress":35,"stage":"probing_media","error_code":null,"error_message":null},"meta":{"request_id":"4f1bf7c6-f7db-4976-9341-792f6aa60e30","pagination":null},"error":null}
07:41:21 {"data":{"review_id":"dedb91f0-1cd2-4bd1-ad6d-7ebd95f27809","status":"running","progress":35,"stage":"probing_media","error_code":null,"error_message":null},"meta":{"request_id":"2d24465b-909a-47ce-bf60-f9b8420f2059","pagination":null},"error":null}
07:41:23 {"data":{"review_id":"dedb91f0-1cd2-4bd1-ad6d-7ebd95f27809","status":"running","progress":35,"stage":"probing_media","error_code":null,"error_message":null},"meta":{"request_id":"4435f729-2714-4d2a-bcde-f9ec775b5730","pagination":null},"error":null}
07:41:25 {"data":{"review_id":"dedb91f0-1cd2-4bd1-ad6d-7ebd95f27809","status":"running","progress":35,"stage":"probing_media","error_code":null,"error_message":null},"meta":{"request_id":"31e19224-9e21-42f7-99c7-274f6d58cbaa","pagination":null},"error":null}
07:41:27 {"data":{"review_id":"dedb91f0-1cd2-4bd1-ad6d-7ebd95f27809","status":"running","progress":35,"stage":"probing_media","error_code":null,"error_message":null},"meta":{"request_id":"6ab18980-2087-4edc-a5c5-c242a6fbb8e9","pagination":null},"error":null}
07:41:29 {"data":{"review_id":"dedb91f0-1cd2-4bd1-ad6d-7ebd95f27809","status":"running","progress":35,"stage":"probing_media","error_code":null,"error_message":null},"meta":{"request_id":"c9833b6d-e570-432d-967a-e28f4d9b9f71","pagination":null},"error":null}
07:41:31 {"data":{"review_id":"dedb91f0-1cd2-4bd1-ad6d-7ebd95f27809","status":"running","progress":35,"stage":"probing_media","error_code":null,"error_message":null},"meta":{"request_id":"97317cd4-861e-4382-97de-219f45a2d9c8","pagination":null},"error":null}
07:41:33 {"data":{"review_id":"dedb91f0-1cd2-4bd1-ad6d-7ebd95f27809","status":"running","progress":35,"stage":"probing_media","error_code":null,"error_message":null},"meta":{"request_id":"96e873ea-86ee-4eb3-9030-f3b656bc5e97","pagination":null},"error":null}
07:41:35 {"data":{"review_id":"dedb91f0-1cd2-4bd1-ad6d-7ebd95f27809","status":"running","progress":35,"stage":"probing_media","error_code":null,"error_message":null},"meta":{"request_id":"a19480e2-17cd-4422-aeff-e1fbeddd857a","pagination":null},"error":null}
07:41:37 {"data":{"review_id":"dedb91f0-1cd2-4bd1-ad6d-7ebd95f27809","status":"running","progress":35,"stage":"probing_media","error_code":null,"error_message":null},"meta":{"request_id":"82d2c1f8-8f6a-46f9-b825-ceca2fe75691","pagination":null},"error":null}
07:41:39 {"data":{"review_id":"dedb91f0-1cd2-4bd1-ad6d-7ebd95f27809","status":"running","progress":35,"stage":"probing_media","error_code":null,"error_message":null},"meta":{"request_id":"a64be0f0-f3b1-46e4-8bea-fa76e215810f","pagination":null},"error":null}
07:41:42 {"data":{"review_id":"dedb91f0-1cd2-4bd1-ad6d-7ebd95f27809","status":"running","progress":35,"stage":"probing_media","error_code":null,"error_message":null},"meta":{"request_id":"188ec38f-9826-46b4-97f0-92d46fa31491","pagination":null},"error":null}
07:41:44 {"data":{"review_id":"dedb91f0-1cd2-4bd1-ad6d-7ebd95f27809","status":"running","progress":35,"stage":"probing_media","error_code":null,"error_message":null},"meta":{"request_id":"ab79d74b-d744-4e12-9e37-3780124b8c3e","pagination":null},"error":null}
07:41:46 {"data":{"review_id":"dedb91f0-1cd2-4bd1-ad6d-7ebd95f27809","status":"running","progress":35,"stage":"probing_media","error_code":null,"error_message":null},"meta":{"request_id":"a19dbf1d-4864-4845-9968-355f1f8509a4","pagination":null},"error":null}
07:41:48 {"data":{"review_id":"dedb91f0-1cd2-4bd1-ad6d-7ebd95f27809","status":"running","progress":35,"stage":"probing_media","error_code":null,"error_message":null},"meta":{"request_id":"c7dae04f-313b-4eb9-9d19-704556afd242","pagination":null},"error":null}
07:41:50 {"data":{"review_id":"dedb91f0-1cd2-4bd1-ad6d-7ebd95f27809","status":"running","progress":35,"stage":"probing_media","error_code":null,"error_message":null},"meta":{"request_id":"7b4af85c-e368-4336-a404-24a98cff7da1","pagination":null},"error":null}
07:41:52 {"data":{"review_id":"dedb91f0-1cd2-4bd1-ad6d-7ebd95f27809","status":"running","progress":35,"stage":"probing_media","error_code":null,"error_message":null},"meta":{"request_id":"8b8f9abd-ce1c-4c36-9273-1cc862f47e17","pagination":null},"error":null}
07:41:54 {"data":{"review_id":"dedb91f0-1cd2-4bd1-ad6d-7ebd95f27809","status":"running","progress":35,"stage":"probing_media","error_code":null,"error_message":null},"meta":{"request_id":"60a1568b-d644-422a-bb30-3b0ea8053b0a","pagination":null},"error":null}
07:41:56 {"data":{"review_id":"dedb91f0-1cd2-4bd1-ad6d-7ebd95f27809","status":"running","progress":35,"stage":"probing_media","error_code":null,"error_message":null},"meta":{"request_id":"597b3d44-fe42-4fbe-b59d-4a9a4069bb3c","pagination":null},"error":null}
07:41:58 {"data":{"review_id":"dedb91f0-1cd2-4bd1-ad6d-7ebd95f27809","status":"running","progress":35,"stage":"probing_media","error_code":null,"error_message":null},"meta":{"request_id":"1b94f6f6-141e-4db3-bd60-7eaee4147001","pagination":null},"error":null}
07:42:00 {"data":{"review_id":"dedb91f0-1cd2-4bd1-ad6d-7ebd95f27809","status":"running","progress":35,"stage":"probing_media","error_code":null,"error_message":null},"meta":{"request_id":"78f35b09-460e-456d-8075-9da5455f3ea9","pagination":null},"error":null}
07:42:02 {"data":{"review_id":"dedb91f0-1cd2-4bd1-ad6d-7ebd95f27809","status":"running","progress":35,"stage":"probing_media","error_code":null,"error_message":null},"meta":{"request_id":"3d297ff8-188c-4ba6-ad15-827483cb7c92","pagination":null},"error":null}
07:42:04 {"data":{"review_id":"dedb91f0-1cd2-4bd1-ad6d-7ebd95f27809","status":"running","progress":35,"stage":"probing_media","error_code":null,"error_message":null},"meta":{"request_id":"0ecc53fb-4635-4a89-b355-709434a8480f","pagination":null},"error":null}
07:42:06 {"data":{"review_id":"dedb91f0-1cd2-4bd1-ad6d-7ebd95f27809","status":"running","progress":35,"stage":"probing_media","error_code":null,"error_message":null},"meta":{"request_id":"d617544e-7744-4450-a4f5-3fb61477f1ad","pagination":null},"error":null}
07:42:08 {"data":{"review_id":"dedb91f0-1cd2-4bd1-ad6d-7ebd95f27809","status":"running","progress":35,"stage":"probing_media","error_code":null,"error_message":null},"meta":{"request_id":"0ba54049-bef8-41ec-af6c-82923f6298d6","pagination":null},"error":null}
07:42:10 {"data":{"review_id":"dedb91f0-1cd2-4bd1-ad6d-7ebd95f27809","status":"running","progress":35,"stage":"probing_media","error_code":null,"error_message":null},"meta":{"request_id":"750f7844-18a3-4a29-92ca-2594f09df676","pagination":null},"error":null}
07:42:12 {"data":{"review_id":"dedb91f0-1cd2-4bd1-ad6d-7ebd95f27809","status":"running","progress":80,"stage":"evaluating_review","error_code":null,"error_message":null},"meta":{"request_id":"45341bb6-4213-4ca6-9a88-32f13618a23c","pagination":null},"error":null}
07:42:14 {"data":{"review_id":"dedb91f0-1cd2-4bd1-ad6d-7ebd95f27809","status":"running","progress":80,"stage":"evaluating_review","error_code":null,"error_message":null},"meta":{"request_id":"8e47fb38-3abb-47f9-8b1f-21b0277d37bb","pagination":null},"error":null}
07:42:16 {"data":{"review_id":"dedb91f0-1cd2-4bd1-ad6d-7ebd95f27809","status":"running","progress":80,"stage":"evaluating_review","error_code":null,"error_message":null},"meta":{"request_id":"118ae215-4181-47d6-9c62-57cda6b5eedb","pagination":null},"error":null}
07:42:19 {"data":{"review_id":"dedb91f0-1cd2-4bd1-ad6d-7ebd95f27809","status":"running","progress":80,"stage":"evaluating_review","error_code":null,"error_message":null},"meta":{"request_id":"ab6966d5-0814-4e5b-911d-019e65a7463a","pagination":null},"error":null}
07:42:21 {"data":{"review_id":"dedb91f0-1cd2-4bd1-ad6d-7ebd95f27809","status":"running","progress":80,"stage":"evaluating_review","error_code":null,"error_message":null},"meta":{"request_id":"61b98530-5aac-483e-956d-c688b0f6642a","pagination":null},"error":null}
07:42:23 {"data":{"review_id":"dedb91f0-1cd2-4bd1-ad6d-7ebd95f27809","status":"running","progress":80,"stage":"evaluating_review","error_code":null,"error_message":null},"meta":{"request_id":"863a5e32-fb7a-4ded-9912-67a5dd6d0a25","pagination":null},"error":null}
07:42:25 {"data":{"review_id":"dedb91f0-1cd2-4bd1-ad6d-7ebd95f27809","status":"running","progress":80,"stage":"evaluating_review","error_code":null,"error_message":null},"meta":{"request_id":"e4b0b2da-6b45-43c9-b8c8-89bda979d440","pagination":null},"error":null}
07:42:27 {"data":{"review_id":"dedb91f0-1cd2-4bd1-ad6d-7ebd95f27809","status":"running","progress":80,"stage":"evaluating_review","error_code":null,"error_message":null},"meta":{"request_id":"cf6e468a-64bb-4d59-9781-07a636054d2f","pagination":null},"error":null}
07:42:29 {"data":{"review_id":"dedb91f0-1cd2-4bd1-ad6d-7ebd95f27809","status":"completed","progress":100,"stage":"succeeded","error_code":null,"error_message":null},"meta":{"request_id":"3c3e1ae8-062b-48a2-a751-fedfa0c6024e","pagination":null},"error":null}
